##SEC_STUDENT_CAN_SEE
     a         b      s |     o      |    o*     | PASS?
 01011001( 89) 01011100( 92) 0(0) | 01011100( 92) | 01011100( 92) | -
 00000111(  7) 00101110( 46) 1(1) | 00000111(  7) | 00000111(  7) | -
 01111100(124) 11110001(241) 0(0) | 11110001(241) | 11110001(241) | -
 10011001(153) 00110111( 55) 0(0) | 10011001(153) | 10011001(153) | -
 01110010(114) 10001100(140) 1(1) | 01110010(114) | 01110010(114) | -
 01000001( 65) 00111001( 57) 0(0) | 01000001( 65) | 01000001( 65) | -
 10010110(150) 11010000(208) 1(1) | 10010110(150) | 10010110(150) | -
 10100001(161) 10000000(128) 1(1) | 10000000(128) | 10000000(128) | -
 01101000(104) 00000111(  7) 0(0) | 01101000(104) | 01101000(104) | -
 01100111(103) 11010110(214) 0(0) | 11010110(214) | 11010110(214) | -
 11011100(220) 10001010(138) 1(1) | 10001010(138) | 10001010(138) | -
 01000111( 71) 01000111( 71) 0(0) | 01000111( 71) | 01000111( 71) | -
 10111000(184) 00010000( 16) 0(0) | 10111000(184) | 10111000(184) | -
 11001100(204) 10001010(138) 1(1) | 10001010(138) | 10001010(138) | -
 11011001(217) 11100100(228) 1(1) | 11011001(217) | 11011001(217) | -
 11010000(208) 10011001(153) 1(1) | 10011001(153) | 10011001(153) | -
 00001010( 10) 10001001(137) 0(0) | 10001001(137) | 10001001(137) | -
 00010101( 21) 11110111(247) 0(0) | 11110111(247) | 11110111(247) | -
 00010110( 22) 11110100(244) 1(1) | 00010110( 22) | 00010110( 22) | -
 00011001( 25) 11111011(251) 0(0) | 11111011(251) | 11111011(251) | -
##END_STUDENT_CAN_SEE
